// Jest Snapshot v1, https://goo.gl/fbAQLP

exports[`ScreenSwitcher page components LogoutContainer renders correctly 1`] = `
<DocumentFragment>
  .emotion-0 {
  display: -webkit-box;
  display: -webkit-flex;
  display: -ms-flexbox;
  display: flex;
  -webkit-align-items: center;
  -webkit-box-align: center;
  -ms-flex-align: center;
  align-items: center;
  gap: 24px;
}

<div
    class="emotion-0"
  />
</DocumentFragment>
`;
