// Jest Snapshot v1, https://goo.gl/fbAQLP

exports[`Membership page components MembershipContainer renders correctly 1`] = `
<DocumentFragment>
  .emotion-0 {
  border-radius: 32px;
  border: 2px solid #f2f2f2;
  grid-column: 2;
  padding: 24px 16px 24px 32px;
}

@media (max-width: 1550px) {
  .emotion-0 {
    grid-row: 2;
    grid-column: 1;
  }
}

@media (max-width: 1550px) {
  .emotion-0 {
    grid-column: 1/3;
  }
}

@media (max-width: 1000px) {
  .emotion-0 {
    padding: 24px 16px 24px 24px;
  }
}

<div
    class="emotion-0"
  />
</DocumentFragment>
`;

exports[`Membership page components MembershipTitle renders correctly 1`] = `
<DocumentFragment>
  .emotion-0 {
  font-family: var(--font-sf-pro-rounded);
  font-size: 20px;
  font-weight: 600;
  line-height: 24px;
  color: undefined;
  margin-bottom: 16px;
}

<p
    class="emotion-0"
  />
</DocumentFragment>
`;
