// Jest Snapshot v1, https://goo.gl/fbAQLP

exports[`Logout page components LogoutContainer renders correctly 1`] = `
<DocumentFragment>
  .emotion-0 {
  display: -webkit-box;
  display: -webkit-flex;
  display: -ms-flexbox;
  display: flex;
  -webkit-align-items: center;
  -webkit-box-align: center;
  -ms-flex-align: center;
  align-items: center;
  gap: 12px;
  padding: 12px 16px;
}

<div
    class="emotion-0"
  />
</DocumentFragment>
`;

exports[`Logout page components LogoutText renders correctly 1`] = `
<DocumentFragment>
  .emotion-0 {
  font-size: 16px;
  font-weight: 600;
  line-height: 24px;
  color: var(--text-secondary);
  font-family: var(--font-sf-pro-rounded);
}

<p
    class="emotion-0"
  />
</DocumentFragment>
`;
