// Jest Snapshot v1, https://goo.gl/fbAQLP

exports[`SidebarItem page components SidebarItemContainer renders correctly 1`] = `
<DocumentFragment>
  .emotion-0 {
  display: -webkit-box;
  display: -webkit-flex;
  display: -ms-flexbox;
  display: flex;
  -webkit-align-items: center;
  -webkit-box-align: center;
  -ms-flex-align: center;
  align-items: center;
  -webkit-box-pack: start;
  -ms-flex-pack: start;
  -webkit-justify-content: flex-start;
  justify-content: flex-start;
  gap: 12px;
  width: 100%;
  padding: 12px;
  border-radius: 12px;
  background: undefined;
  -webkit-transition: background-color 0.3s ease;
  transition: background-color 0.3s ease;
}

.emotion-0:hover {
  background-color: undefined;
}

<button
    class="emotion-0"
  />
</DocumentFragment>
`;

exports[`SidebarItem page components SidebarItemTitle renders correctly 1`] = `
<DocumentFragment>
  .emotion-0 {
  font-size: 16px;
  font-weight: 600;
  line-height: 24px;
  color: undefined;
}

<span
    class="emotion-0"
  />
</DocumentFragment>
`;
